[www.pinnaclengineers.com/index.html]
[backblue.gif]
[fade.gif]
[index.html]
[www.pinnaclengineers.com/css/bootstrap.2.delayed]
[www.pinnaclengineers.com/js/jquery-1.9.0.min.js]
[www.pinnaclengineers.com/js/jquery.nivo.slider.js]
[www.pinnaclengineers.com/images/logo.png]
[www.pinnaclengineers.com/index-2.html]
[www.pinnaclengineers.com/safefire.html]
[www.pinnaclengineers.com/hydropro.html]
[www.pinnaclengineers.com/images/banner0.jpg]
[www.pinnaclengineers.com/images/banner2.jpg]
[www.pinnaclengineers.com/images/safelogo.jpg]
[www.pinnaclengineers.com/images/hydropro.jpg]
[www.pinnaclengineers.com/images/facebook.png]
[www.pinnaclengineers.com/images/twitter.png]
[www.pinnaclengineers.com/images/youtube.png]
[www.pinnaclengineers.com/index.html]
[www.pinnaclengineers.com/images/linkedin.png]
[www.pinnaclengineers.com/images/phone.png]
[www.pinnaclengineers.com/images/lock.png]
[www.pinnaclengineers.com/images/login.png]
[www.pinnaclengineers.com/images/lock1.png]
[www.pinnaclengineers.com/images/login1.png]
[www.pinnaclengineers.com/images/marker.png]
[www.pinnaclengineers.com/images/marker1.gif]
[www.pinnaclengineers.com/images/comment.png]
[www.pinnaclengineers.com/images/zoom.png]
[www.pinnaclengineers.com/images/arrow.gif]
[www.pinnaclengineers.com/images/large-button-overlay.png]
[www.pinnaclengineers.com/css/style.css]
[www.pinnaclengineers.com/images/loading.gif]
[www.pinnaclengineers.com/images/arrows-hover.png]
[www.pinnaclengineers.com/images/prev.png]
[www.pinnaclengineers.com/css/slider.css]
[www.pinnaclengineers.com/css/bootstrap.html]
[www.pinnaclengineers.com/fonts/fontawesome-webfonte0a5.eot]
[www.pinnaclengineers.com/fonts/fontawesome-webfontd41d.eot]
[www.pinnaclengineers.com/fonts/fontawesome-webfonte0a5.woff2]
[www.pinnaclengineers.com/fonts/fontawesome-webfonte0a5.woff]
[www.pinnaclengineers.com/fonts/fontawesome-webfonte0a5.ttf]
[www.pinnaclengineers.com/css/font-awesome.css]
[www.pinnaclengineers.com/index-2.html]
[www.pinnaclengineers.com/images/logo11.png]
[www.pinnaclengineers.com/js/ios-orientationchange-fix.js]
[www.pinnaclengineers.com/js/jquery.swipebox.min.js]
[www.pinnaclengineers.com/images/pic1.jpg]
[www.pinnaclengineers.com/images/pic2.jpg]
[www.pinnaclengineers.com/images/pic3.jpg]
[www.pinnaclengineers.com/images/pic4.jpg]
[www.pinnaclengineers.com/images/pic5.jpg]
[www.pinnaclengineers.com/safefire.html]
[www.pinnaclengineers.com/images/hydro9.jpg]
[www.pinnaclengineers.com/images/hydro1.jpg]
[www.pinnaclengineers.com/images/hydro2.jpg]
[www.pinnaclengineers.com/images/hydro3.jpg]
[www.pinnaclengineers.com/images/hydro4.jpg]
[www.pinnaclengineers.com/images/hydro5.jpg]
[www.pinnaclengineers.com/images/hydro6.jpg]
[www.pinnaclengineers.com/images/hydro7.jpg]
[www.pinnaclengineers.com/hydropro.html]
[www.pinnaclengineers.com/images/hydro8.jpg]
[www.pinnaclengineers.com/images/banner1.jpg]
[www.pinnaclengineers.com/images/marker.html]
[www.pinnaclengineers.com/images/loading.html]
[www.pinnaclengineers.com/images/prev.html]
[www.pinnaclengineers.com/fonts/fontawesome-webfonte0a5.svg]
[www.pinnaclengineers.com/images/loader.3b.delayed]
[www.pinnaclengineers.com/images/icons.png]
[www.pinnaclengineers.com/css/swipebox.css]
[www.pinnaclengineers.com/images/loader.html]
[www.pinnaclengineers.com/images/icons.html]
[www.pinnaclengineers.com/contact-post.html]
[www.pinnaclengineers.com/images/banner4.jpg]
